VERSION=1.1.0
mark=0
no_cork=0
async_connect=0
enable_tcp_maerts=0
split_bidir=0
enable_write=1
enable_read=1
rx_zerocopy=0
skip_rx_copy=1
buffer_size=16384
delay=0
throughput_opt=Mb
zerocopy=1
reuseaddr=0
edge_trigger=0
test_length=20
congestion_control=
no_delay=0
tcp_tx_delay=0
tcp_fastopen=0
num_ports=1
wait_start=0
iostat_ms=0
time_wait=0
all_samples=
port=38339
control_port=52279
host=10.240.48.26
local_hosts=
max_pacing_rate=0
interval=1.000000
freebind=0
nonblocking=0
nolog=0
logtostderr=1
pin_cpu=0
dry_run=0
debug=0
client=1
ipv6=0
ipv4=0
stime_use_proc=0
source_port=-1
suicide_length=50
listen_backlog=128
num_clients=1
num_threads=16
num_flows=32
maxevents=1000
magic=42
total_run_time=20
I0908 09:08:12.458202  52     75 control_plane.c:178] ctrl_connect: +++ CLI --> SER   CLI_HELLO -T 16 -F 32 -l 20 -m 0
I0908 09:08:12.458236  52     75 control_plane.c:65] recv_msg: --- CLI <-- SER   SER_ACK (2)
I0908 09:08:12.458548  52     75 control_plane.c:187] ctrl_connect: +++ CLI <-- SER   SER_ACK -T 16 -F 32 -l 35 -m 0
I0908 09:08:12.458551  52     75 control_plane.c:356] control_plane_start: connected to control port
I0908 09:08:13.503160  52     91 thread.c:326] thread_time_start: Setting time_start in thread 15
I0908 09:08:13.503177  52     75 thread.c:499] start_worker_threads: worker threads are ready
I0908 09:08:13.503193  52     75 thread.c:621] run_main_thread: started worker threads
I0908 09:08:33.503283  52     75 control_plane.c:442] control_plane_wait_until_done: finished sleep
I0908 09:08:33.503342  52     75 thread.c:515] stop_worker_threads: told thread 0 to stop
I0908 09:08:33.503348  52     75 thread.c:515] stop_worker_threads: told thread 1 to stop
I0908 09:08:33.503352  52     75 thread.c:515] stop_worker_threads: told thread 2 to stop
I0908 09:08:33.503360  52     75 thread.c:515] stop_worker_threads: told thread 3 to stop
I0908 09:08:33.503364  52     75 thread.c:515] stop_worker_threads: told thread 4 to stop
I0908 09:08:33.503369  52     75 thread.c:515] stop_worker_threads: told thread 5 to stop
I0908 09:08:33.503373  52     75 thread.c:515] stop_worker_threads: told thread 6 to stop
I0908 09:08:33.503381  52     75 thread.c:515] stop_worker_threads: told thread 7 to stop
I0908 09:08:33.503384  52     75 thread.c:515] stop_worker_threads: told thread 8 to stop
I0908 09:08:33.503388  52     75 thread.c:515] stop_worker_threads: told thread 9 to stop
I0908 09:08:33.503392  52     75 thread.c:515] stop_worker_threads: told thread 10 to stop
I0908 09:08:33.503398  52     75 thread.c:515] stop_worker_threads: told thread 11 to stop
I0908 09:08:33.503403  52     75 thread.c:515] stop_worker_threads: told thread 12 to stop
I0908 09:08:33.503407  52     75 thread.c:515] stop_worker_threads: told thread 13 to stop
I0908 09:08:33.503417  52     75 thread.c:515] stop_worker_threads: told thread 14 to stop
I0908 09:08:33.503424  52     75 thread.c:515] stop_worker_threads: told thread 15 to stop
I0908 09:08:33.503673  52     75 thread.c:524] stop_worker_threads: joined thread 0
I0908 09:08:33.503677  52     75 thread.c:524] stop_worker_threads: joined thread 1
I0908 09:08:33.503679  52     75 thread.c:524] stop_worker_threads: joined thread 2
I0908 09:08:33.503681  52     75 thread.c:524] stop_worker_threads: joined thread 3
I0908 09:08:33.503719  52     75 thread.c:524] stop_worker_threads: joined thread 4
I0908 09:08:33.503748  52     75 thread.c:524] stop_worker_threads: joined thread 5
I0908 09:08:33.503758  52     75 thread.c:524] stop_worker_threads: joined thread 6
I0908 09:08:33.503772  52     75 thread.c:524] stop_worker_threads: joined thread 7
I0908 09:08:33.503784  52     75 thread.c:524] stop_worker_threads: joined thread 8
I0908 09:08:33.503801  52     75 thread.c:524] stop_worker_threads: joined thread 9
I0908 09:08:33.503814  52     75 thread.c:524] stop_worker_threads: joined thread 10
I0908 09:08:33.503826  52     75 thread.c:524] stop_worker_threads: joined thread 11
I0908 09:08:33.503836  52     75 thread.c:524] stop_worker_threads: joined thread 12
I0908 09:08:33.503844  52     75 thread.c:524] stop_worker_threads: joined thread 13
I0908 09:08:33.503864  52     75 thread.c:524] stop_worker_threads: joined thread 14
I0908 09:08:33.503875  52     75 thread.c:524] stop_worker_threads: joined thread 15
I0908 09:08:33.503877  52     75 thread.c:530] stop_worker_threads: reschedule=0
I0908 09:08:33.503879  52     75 thread.c:531] stop_worker_threads: delay=0
I0908 09:08:33.503881  52     75 thread.c:532] stop_worker_threads: sleep=0
I0908 09:08:33.503890  52     75 thread.c:632] run_main_thread: stopped worker threads
invalid_secret_count=0
time_start=439463.375887026
utime_start=0.000000
utime_end=12.347318
stime_start=0.006785
stime_end=135.198401
maxrss_start=1832
maxrss_end=1832
minflt_start=297
minflt_end=297
majflt_start=0
majflt_end=0
nvcsw_start=109
nvcsw_end=9709959
nivcsw_start=0
nivcsw_end=2377
num_samples=671
time_end=439483.376211162
correlation_coefficient=1.00
throughput=189726.21
throughput_units=Mbit/s
I0908 09:08:33.504025  73     75 control_plane.c:317] ctrl_notify_server: +++ CLI --> SER   CLI_DONE rate 189726206329
I0908 09:08:33.504049  73     75 control_plane.c:483] control_plane_stop: notified server to exit
I0908 09:08:33.504052  73     75 control_plane.c:65] recv_msg: --- CLI <-- SER   CLI_BYE (4)
I0908 09:08:33.505135  73     75 control_plane.c:486] control_plane_stop: +++ CLI <-- SER   SER_BYE rate 179913198715
local_throughput=189726206329
remote_throughput=179913198715
