VERSION=1.1.0
mark=0
no_cork=0
async_connect=0
enable_tcp_maerts=0
split_bidir=0
enable_write=1
enable_read=1
rx_zerocopy=0
skip_rx_copy=1
buffer_size=16384
delay=0
throughput_opt=Mb
zerocopy=1
reuseaddr=0
edge_trigger=0
test_length=20
congestion_control=
no_delay=0
tcp_tx_delay=0
tcp_fastopen=0
num_ports=1
wait_start=0
iostat_ms=0
time_wait=0
all_samples=
port=38339
control_port=52279
host=10.240.96.26
local_hosts=
max_pacing_rate=0
interval=1.000000
freebind=0
nonblocking=0
nolog=0
logtostderr=1
pin_cpu=0
dry_run=0
debug=0
client=1
ipv6=0
ipv4=0
stime_use_proc=0
source_port=-1
suicide_length=50
listen_backlog=128
num_clients=1
num_threads=16
num_flows=32
maxevents=1000
magic=42
total_run_time=20
I0908 09:08:42.078857  52    106 control_plane.c:178] ctrl_connect: +++ CLI --> SER   CLI_HELLO -T 16 -F 32 -l 20 -m 0
I0908 09:08:42.078906  52    106 control_plane.c:65] recv_msg: --- CLI <-- SER   SER_ACK (2)
I0908 09:08:42.079126  52    106 control_plane.c:187] ctrl_connect: +++ CLI <-- SER   SER_ACK -T 16 -F 32 -l 35 -m 0
I0908 09:08:42.079128  52    106 control_plane.c:356] control_plane_start: connected to control port
I0908 09:08:42.116073  52    106 thread.c:499] start_worker_threads: worker threads are ready
I0908 09:08:42.116082  52    106 thread.c:621] run_main_thread: started worker threads
I0908 09:08:42.116081  52    107 thread.c:326] thread_time_start: Setting time_start in thread 0
I0908 09:09:02.116243  52    106 control_plane.c:442] control_plane_wait_until_done: finished sleep
I0908 09:09:02.116308  52    106 thread.c:515] stop_worker_threads: told thread 0 to stop
I0908 09:09:02.116315  52    106 thread.c:515] stop_worker_threads: told thread 1 to stop
I0908 09:09:02.116318  52    106 thread.c:515] stop_worker_threads: told thread 2 to stop
I0908 09:09:02.116322  52    106 thread.c:515] stop_worker_threads: told thread 3 to stop
I0908 09:09:02.116325  52    106 thread.c:515] stop_worker_threads: told thread 4 to stop
I0908 09:09:02.116328  52    106 thread.c:515] stop_worker_threads: told thread 5 to stop
I0908 09:09:02.116331  52    106 thread.c:515] stop_worker_threads: told thread 6 to stop
I0908 09:09:02.116335  52    106 thread.c:515] stop_worker_threads: told thread 7 to stop
I0908 09:09:02.116338  52    106 thread.c:515] stop_worker_threads: told thread 8 to stop
I0908 09:09:02.116341  52    106 thread.c:515] stop_worker_threads: told thread 9 to stop
I0908 09:09:02.116346  52    106 thread.c:515] stop_worker_threads: told thread 10 to stop
I0908 09:09:02.116349  52    106 thread.c:515] stop_worker_threads: told thread 11 to stop
I0908 09:09:02.116352  52    106 thread.c:515] stop_worker_threads: told thread 12 to stop
I0908 09:09:02.116355  52    106 thread.c:515] stop_worker_threads: told thread 13 to stop
I0908 09:09:02.116361  52    106 thread.c:515] stop_worker_threads: told thread 14 to stop
I0908 09:09:02.116368  52    106 thread.c:515] stop_worker_threads: told thread 15 to stop
I0908 09:09:02.116625  52    106 thread.c:524] stop_worker_threads: joined thread 0
I0908 09:09:02.116628  52    106 thread.c:524] stop_worker_threads: joined thread 1
I0908 09:09:02.116630  52    106 thread.c:524] stop_worker_threads: joined thread 2
I0908 09:09:02.116632  52    106 thread.c:524] stop_worker_threads: joined thread 3
I0908 09:09:02.116658  52    106 thread.c:524] stop_worker_threads: joined thread 4
I0908 09:09:02.116673  52    106 thread.c:524] stop_worker_threads: joined thread 5
I0908 09:09:02.116680  52    106 thread.c:524] stop_worker_threads: joined thread 6
I0908 09:09:02.116687  52    106 thread.c:524] stop_worker_threads: joined thread 7
I0908 09:09:02.116695  52    106 thread.c:524] stop_worker_threads: joined thread 8
I0908 09:09:02.116704  52    106 thread.c:524] stop_worker_threads: joined thread 9
I0908 09:09:02.116711  52    106 thread.c:524] stop_worker_threads: joined thread 10
I0908 09:09:02.116720  52    106 thread.c:524] stop_worker_threads: joined thread 11
I0908 09:09:02.116727  52    106 thread.c:524] stop_worker_threads: joined thread 12
I0908 09:09:02.116734  52    106 thread.c:524] stop_worker_threads: joined thread 13
I0908 09:09:02.116749  52    106 thread.c:524] stop_worker_threads: joined thread 14
I0908 09:09:02.116757  52    106 thread.c:524] stop_worker_threads: joined thread 15
I0908 09:09:02.116758  52    106 thread.c:530] stop_worker_threads: reschedule=0
I0908 09:09:02.116760  52    106 thread.c:531] stop_worker_threads: delay=0
I0908 09:09:02.116761  52    106 thread.c:532] stop_worker_threads: sleep=0
I0908 09:09:02.116768  52    106 thread.c:632] run_main_thread: stopped worker threads
invalid_secret_count=0
time_start=439491.988809414
utime_start=0.000646
utime_end=10.270351
stime_start=0.005818
stime_end=139.920935
maxrss_start=1836
maxrss_end=1836
minflt_start=298
minflt_end=298
majflt_start=0
majflt_end=0
nvcsw_start=142
nvcsw_end=9256889
nivcsw_start=0
nivcsw_end=88
num_samples=672
time_end=439511.989107187
correlation_coefficient=1.00
throughput=189864.54
throughput_units=Mbit/s
I0908 09:09:02.116865  73    106 control_plane.c:317] ctrl_notify_server: +++ CLI --> SER   CLI_DONE rate 189864535650
I0908 09:09:02.116889  73    106 control_plane.c:483] control_plane_stop: notified server to exit
I0908 09:09:02.116891  73    106 control_plane.c:65] recv_msg: --- CLI <-- SER   CLI_BYE (4)
I0908 09:09:02.119766  73    106 control_plane.c:486] control_plane_stop: +++ CLI <-- SER   SER_BYE rate 189285079981
local_throughput=189864535650
remote_throughput=189285079981
