DCN_VERSION_CHECK {'jax': '0.11.0', 'jaxlib': '0.11.0', 'libtpu': '0.0.44'}
ERROR: Accessing retired flag 'eventmanager2_as_default_eventmanager'
DCN_MULTISLICE_PREFLIGHT {"global_device_count": 8, "local_device_count": 4, "process_count": 2, "process_id": 0, "slice_counts": {"0": 4, "1": 4}}
DCN_XPROF_TRACE_START /tmp/dcn-artifacts/rank-0/xprof
DCN_GOOGLE_BASELINE_ENV {"benchmark": "dcn_google_baseline", "device_count": 8, "device_kind": "TPU v6 lite", "devices_per_slice": [4, 4], "jax_version": "0.11.0", "libtpu_init_args": "--xla_tpu_use_enhanced_launch_barrier=true --xla_tpu_prefer_async_allgather_to_allreduce=true --xla_tpu_data_parallel_opt_different_sized_ops=true --xla_tpu_enable_data_parallel_all_reduce_opt=true --megascale_coordinator_address=dcn-xprof-clean-slice-0-0.dcn-xprof-clean:8081 --megascale_slice_id=0 --megascale_num_slices=2 --megascale_transport_type=grpc --megascale_port=8081 --megascale_use_insecure_grpc --megascale_grpc_interface_prefixes=eth1,eth2,lo", "local_device_count": 4, "network_before": {"eth0": {"operstate": "up", "rx_bytes": 4692, "speed_mbps": "10000", "tx_bytes": 3452}, "eth1": {"operstate": "up", "rx_bytes": 126, "speed_mbps": "200000", "tx_bytes": 126}, "eth2": {"operstate": "up", "rx_bytes": 126, "speed_mbps": "200000", "tx_bytes": 126}, "lo": {"operstate": "unknown", "rx_bytes": 4522, "speed_mbps": "", "tx_bytes": 4522}}, "physical_chips_per_slice": [4, 4], "process_count": 2, "process_index": 0, "slices_detected": 2}
DCN_GOOGLE_BASELINE_MOVEMENT {"all_reduce_block0_mean": 3.0, "all_reduce_block1_mean": 3.0, "all_reduce_expected_sum": 3.0, "bidi_block0_mean": 2.0, "bidi_block1_mean": 1.0, "uni_block0_mean": 0.0, "uni_block1_mean": 1.0}
DCN_GOOGLE_BASELINE_RESULT {"algorithm_GBps_per_device_best": 4.545404908427864, "algorithm_GBps_per_device_median": 4.355217079897357, "batch": 10, "benchmark": "dcn_google_baseline", "bucket_semantics": "all_reduce_input_bytes_per_device", "dtype": "bfloat16", "host_algorithm_GBps_best": 18.181619633711456, "host_algorithm_GBps_median": 17.420868319589427, "host_ring_equivalent_bus_GBps_best": 18.181619633711456, "host_ring_equivalent_bus_GBps_median": 17.420868319589427, "matrix_dim": 32768, "n_slices": 2, "network_delta": {"eth0": {"rx_bytes": 1442, "tx_bytes": 1235}, "eth1": {"rx_bytes": 73557004415, "tx_bytes": 76349025319}, "eth2": {"rx_bytes": 77933725335, "tx_bytes": 74316921085}, "lo": {"rx_bytes": 0, "tx_bytes": 0}}, "participants_per_slice": 4, "per_physical_chip_ring_equivalent_bus_GBps_best": 4.545404908427864, "per_physical_chip_ring_equivalent_bus_GBps_median": 4.355217079897357, "physical_chips_per_slice": 4, "rank": 0, "reps": 3, "ring_equivalent_bus_GBps_per_device_best": 4.545404908427864, "ring_equivalent_bus_GBps_per_device_median": 4.355217079897357, "ring_equivalent_factor": 1.0, "run_id": "xprof-20260826", "shard_bytes_per_device": 1073741824.0, "source_commit": "", "time_ms_all": [246.54151659997297, 282.5074328997289, 236.2257808999857], "time_ms_median": 246.54151659997297, "time_ms_min": 236.2257808999857, "variant": "all_reduce", "warmups": 5}
DCN_GOOGLE_BASELINE_SUMMARY {"all_reduce": {"algorithm_GBps_per_device_best": 4.545404908427864, "algorithm_GBps_per_device_median": 4.355217079897357, "host_algorithm_GBps_best": 18.181619633711456, "host_algorithm_GBps_median": 17.420868319589427, "host_ring_equivalent_bus_GBps_best": 18.181619633711456, "host_ring_equivalent_bus_GBps_median": 17.420868319589427, "matrix_dim": 32768, "per_physical_chip_ring_equivalent_bus_GBps_best": 4.545404908427864, "per_physical_chip_ring_equivalent_bus_GBps_median": 4.355217079897357, "ring_equivalent_bus_GBps_per_device_best": 4.545404908427864, "ring_equivalent_bus_GBps_per_device_median": 4.355217079897357, "ring_equivalent_factor": 1.0, "shard_bytes_per_device": 1073741824.0}}
DCN_XPROF_TRACE_DONE
DCN_METRICS_JSONL_BEGIN
{"algorithm_GBps_per_device_best": 4.545404908427864, "algorithm_GBps_per_device_median": 4.355217079897357, "batch": 10, "benchmark": "dcn_google_baseline", "bucket_semantics": "all_reduce_input_bytes_per_device", "dtype": "bfloat16", "host_algorithm_GBps_best": 18.181619633711456, "host_algorithm_GBps_median": 17.420868319589427, "host_ring_equivalent_bus_GBps_best": 18.181619633711456, "host_ring_equivalent_bus_GBps_median": 17.420868319589427, "matrix_dim": 32768, "n_slices": 2, "network_delta": {"eth0": {"rx_bytes": 1442, "tx_bytes": 1235}, "eth1": {"rx_bytes": 73557004415, "tx_bytes": 76349025319}, "eth2": {"rx_bytes": 77933725335, "tx_bytes": 74316921085}, "lo": {"rx_bytes": 0, "tx_bytes": 0}}, "participants_per_slice": 4, "per_physical_chip_ring_equivalent_bus_GBps_best": 4.545404908427864, "per_physical_chip_ring_equivalent_bus_GBps_median": 4.355217079897357, "physical_chips_per_slice": 4, "rank": 0, "reps": 3, "ring_equivalent_bus_GBps_per_device_best": 4.545404908427864, "ring_equivalent_bus_GBps_per_device_median": 4.355217079897357, "ring_equivalent_factor": 1.0, "run_id": "xprof-20260826", "shard_bytes_per_device": 1073741824.0, "source_commit": "", "time_ms_all": [246.54151659997297, 282.5074328997289, 236.2257808999857], "time_ms_median": 246.54151659997297, "time_ms_min": 236.2257808999857, "variant": "all_reduce", "warmups": 5}
DCN_METRICS_JSONL_END
DCN_BASELINE_COMPARISON_BEGIN
Traceback (most recent call last):
  File "/workspace/google_support/dcn/results.py", line 98, in <module>
    main()
  File "/workspace/google_support/dcn/results.py", line 89, in main
    comparisons = comparison_rows(load_rows(args.metrics))
                  ^^^^^^^^^^^^^^^^^^^^^^^^^^^^^^^^^^^^^^^^
  File "/workspace/google_support/dcn/results.py", line 48, in comparison_rows
    for variant, row in select_results(rows).items():
                        ^^^^^^^^^^^^^^^^^^^^
  File "/workspace/google_support/dcn/results.py", line 36, in select_results
    raise ValueError(f"missing variant: {variant}")
ValueError: missing variant: ppermute_uni
BENCH_EXIT=1
2.0M	/tmp/dcn-artifacts/rank-0/compiler/hlo
PARKED_FOR_ARTIFACT_COPY
