DCN_VERSION_CHECK {'jax': '0.11.0', 'jaxlib': '0.11.0', 'libtpu': '0.0.44'}
ERROR: Accessing retired flag 'eventmanager2_as_default_eventmanager'
DCN_MULTISLICE_PREFLIGHT {"global_device_count": 8, "local_device_count": 4, "process_count": 2, "process_id": 0, "slice_counts": {"0": 4, "1": 4}}
DCN_XPROF_TRACE_START /tmp/dcn-artifacts/rank-0/xprof
DCN_GOOGLE_BASELINE_ENV {"benchmark": "dcn_google_baseline", "device_count": 8, "device_kind": "TPU v6 lite", "devices_per_slice": [4, 4], "jax_version": "0.11.0", "libtpu_init_args": "--xla_tpu_use_enhanced_launch_barrier=true --xla_tpu_prefer_async_allgather_to_allreduce=true --xla_tpu_data_parallel_opt_different_sized_ops=true --xla_tpu_enable_data_parallel_all_reduce_opt=true --megascale_coordinator_address=dcn-xprof-slice-0-0.dcn-xprof:8081 --megascale_slice_id=0 --megascale_num_slices=2 --megascale_transport_type=grpc --megascale_port=8081 --megascale_use_insecure_grpc --megascale_grpc_interface_prefixes=eth1,eth2,lo", "local_device_count": 4, "network_before": {"eth0": {"operstate": "up", "rx_bytes": 11618, "speed_mbps": "10000", "tx_bytes": 12197}, "eth1": {"operstate": "up", "rx_bytes": 126, "speed_mbps": "200000", "tx_bytes": 126}, "eth2": {"operstate": "up", "rx_bytes": 126, "speed_mbps": "200000", "tx_bytes": 126}, "lo": {"operstate": "unknown", "rx_bytes": 6316, "speed_mbps": "", "tx_bytes": 6316}}, "physical_chips_per_slice": [4, 4], "process_count": 2, "process_index": 0, "slices_detected": 2}
DCN_GOOGLE_BASELINE_MOVEMENT {"all_reduce_block0_mean": 3.0, "all_reduce_block1_mean": 3.0, "all_reduce_expected_sum": 3.0, "bidi_block0_mean": 2.0, "bidi_block1_mean": 1.0, "uni_block0_mean": 0.0, "uni_block1_mean": 1.0}
DCN_GOOGLE_BASELINE_RESULT {"batch": 10, "benchmark": "dcn_google_baseline", "dtype": "bfloat16", "host_tx_GBps_best": 28.579119062267946, "host_tx_GBps_median": 27.592280745576016, "matrix_dim": 32768, "n_slices": 2, "network_delta": {"eth0": {"rx_bytes": 0, "tx_bytes": 0}, "eth1": {"rx_bytes": 13316311, "tx_bytes": 80987078572}, "eth2": {"rx_bytes": 13786020, "tx_bytes": 69590631700}, "lo": {"rx_bytes": 0, "tx_bytes": 0}}, "participants_per_slice": 4, "per_device_tx_GBps_best": 7.1447797655669865, "per_device_tx_GBps_median": 6.898070186394004, "per_physical_chip_tx_GBps_best": 7.1447797655669865, "per_physical_chip_tx_GBps_median": 6.898070186394004, "physical_chips_per_slice": 4, "rank": 0, "reps": 3, "run_id": "xprof-20260826", "shard_bytes_per_device": 1073741824.0, "source_commit": "", "time_ms_all": [166.59968220001247, 155.6582920999972, 150.283404000038], "time_ms_median": 155.6582920999972, "time_ms_min": 150.283404000038, "variant": "ppermute_uni", "warmups": 5}
DCN_GOOGLE_BASELINE_RESULT {"algorithm_GBps_per_device_best": 1.9366637729336424, "algorithm_GBps_per_device_median": 1.8987105659074646, "batch": 10, "benchmark": "dcn_google_baseline", "bucket_semantics": "all_reduce_input_bytes_per_device", "dtype": "bfloat16", "host_algorithm_GBps_best": 7.74665509173457, "host_algorithm_GBps_median": 7.594842263629858, "host_ring_equivalent_bus_GBps_best": 7.74665509173457, "host_ring_equivalent_bus_GBps_median": 7.594842263629858, "matrix_dim": 32768, "n_slices": 2, "network_delta": {"eth0": {"rx_bytes": 21696, "tx_bytes": 51048}, "eth1": {"rx_bytes": 74331600317, "tx_bytes": 76372887064}, "eth2": {"rx_bytes": 77153401544, "tx_bytes": 74276199197}, "lo": {"rx_bytes": 0, "tx_bytes": 0}}, "participants_per_slice": 4, "per_physical_chip_ring_equivalent_bus_GBps_best": 1.9366637729336424, "per_physical_chip_ring_equivalent_bus_GBps_median": 1.8987105659074646, "physical_chips_per_slice": 4, "rank": 0, "reps": 3, "ring_equivalent_bus_GBps_per_device_best": 1.9366637729336424, "ring_equivalent_bus_GBps_per_device_median": 1.8987105659074646, "ring_equivalent_factor": 1.0, "run_id": "xprof-20260826", "shard_bytes_per_device": 1073741824.0, "source_commit": "", "time_ms_all": [565.5110595999759, 554.428620500039, 595.1783739999883], "time_ms_median": 565.5110595999759, "time_ms_min": 554.428620500039, "variant": "all_reduce", "warmups": 5}
DCN_GOOGLE_BASELINE_SUMMARY {"all_reduce": {"algorithm_GBps_per_device_best": 1.9366637729336424, "algorithm_GBps_per_device_median": 1.8987105659074646, "host_algorithm_GBps_best": 7.74665509173457, "host_algorithm_GBps_median": 7.594842263629858, "host_ring_equivalent_bus_GBps_best": 7.74665509173457, "host_ring_equivalent_bus_GBps_median": 7.594842263629858, "matrix_dim": 32768, "per_physical_chip_ring_equivalent_bus_GBps_best": 1.9366637729336424, "per_physical_chip_ring_equivalent_bus_GBps_median": 1.8987105659074646, "ring_equivalent_bus_GBps_per_device_best": 1.9366637729336424, "ring_equivalent_bus_GBps_per_device_median": 1.8987105659074646, "ring_equivalent_factor": 1.0, "shard_bytes_per_device": 1073741824.0}, "ppermute_uni": {"host_tx_GBps_best": 28.579119062267946, "host_tx_GBps_median": 27.592280745576016, "matrix_dim": 32768, "per_device_tx_GBps_best": 7.1447797655669865, "per_device_tx_GBps_median": 6.898070186394004, "per_physical_chip_tx_GBps_best": 7.1447797655669865, "per_physical_chip_tx_GBps_median": 6.898070186394004, "shard_bytes_per_device": 1073741824.0}}
DCN_XPROF_TRACE_DONE
DCN_METRICS_JSONL_BEGIN
{"batch": 10, "benchmark": "dcn_google_baseline", "dtype": "bfloat16", "host_tx_GBps_best": 28.579119062267946, "host_tx_GBps_median": 27.592280745576016, "matrix_dim": 32768, "n_slices": 2, "network_delta": {"eth0": {"rx_bytes": 0, "tx_bytes": 0}, "eth1": {"rx_bytes": 13316311, "tx_bytes": 80987078572}, "eth2": {"rx_bytes": 13786020, "tx_bytes": 69590631700}, "lo": {"rx_bytes": 0, "tx_bytes": 0}}, "participants_per_slice": 4, "per_device_tx_GBps_best": 7.1447797655669865, "per_device_tx_GBps_median": 6.898070186394004, "per_physical_chip_tx_GBps_best": 7.1447797655669865, "per_physical_chip_tx_GBps_median": 6.898070186394004, "physical_chips_per_slice": 4, "rank": 0, "reps": 3, "run_id": "xprof-20260826", "shard_bytes_per_device": 1073741824.0, "source_commit": "", "time_ms_all": [166.59968220001247, 155.6582920999972, 150.283404000038], "time_ms_median": 155.6582920999972, "time_ms_min": 150.283404000038, "variant": "ppermute_uni", "warmups": 5}
{"algorithm_GBps_per_device_best": 1.9366637729336424, "algorithm_GBps_per_device_median": 1.8987105659074646, "batch": 10, "benchmark": "dcn_google_baseline", "bucket_semantics": "all_reduce_input_bytes_per_device", "dtype": "bfloat16", "host_algorithm_GBps_best": 7.74665509173457, "host_algorithm_GBps_median": 7.594842263629858, "host_ring_equivalent_bus_GBps_best": 7.74665509173457, "host_ring_equivalent_bus_GBps_median": 7.594842263629858, "matrix_dim": 32768, "n_slices": 2, "network_delta": {"eth0": {"rx_bytes": 21696, "tx_bytes": 51048}, "eth1": {"rx_bytes": 74331600317, "tx_bytes": 76372887064}, "eth2": {"rx_bytes": 77153401544, "tx_bytes": 74276199197}, "lo": {"rx_bytes": 0, "tx_bytes": 0}}, "participants_per_slice": 4, "per_physical_chip_ring_equivalent_bus_GBps_best": 1.9366637729336424, "per_physical_chip_ring_equivalent_bus_GBps_median": 1.8987105659074646, "physical_chips_per_slice": 4, "rank": 0, "reps": 3, "ring_equivalent_bus_GBps_per_device_best": 1.9366637729336424, "ring_equivalent_bus_GBps_per_device_median": 1.8987105659074646, "ring_equivalent_factor": 1.0, "run_id": "xprof-20260826", "shard_bytes_per_device": 1073741824.0, "source_commit": "", "time_ms_all": [565.5110595999759, 554.428620500039, 595.1783739999883], "time_ms_median": 565.5110595999759, "time_ms_min": 554.428620500039, "variant": "all_reduce", "warmups": 5}
DCN_METRICS_JSONL_END
DCN_BASELINE_COMPARISON_BEGIN
Traceback (most recent call last):
  File "/workspace/google_support/dcn/results.py", line 98, in <module>
    main()
  File "/workspace/google_support/dcn/results.py", line 89, in main
    comparisons = comparison_rows(load_rows(args.metrics))
                  ^^^^^^^^^^^^^^^^^^^^^^^^^^^^^^^^^^^^^^^^
  File "/workspace/google_support/dcn/results.py", line 48, in comparison_rows
    for variant, row in select_results(rows).items():
                        ^^^^^^^^^^^^^^^^^^^^
  File "/workspace/google_support/dcn/results.py", line 36, in select_results
    raise ValueError(f"missing variant: {variant}")
ValueError: missing variant: ppermute_bidi
BENCH_EXIT=1
2.2M	/tmp/dcn-artifacts/rank-0/compiler/hlo
PARKED_FOR_ARTIFACT_COPY
